digraph cfg {
  graph [label="dasmz80 CFG", labelloc=t];
  node [fontname="Courier"];
  "B_0000" [shape=box, label="0000..0003\l0000: NOP      \l"];
  "D_0001" [shape=diamond, label="0001: JR       Z, $0008"];
  "B_0000" -> "D_0001" [label="condition"];
  "B_0003" [shape=box, label="0003..0006\l0003: CALL     $0010\l"];
  "B_0006" [shape=box, label="0006..0007\l0006: HALT     \l"];
  "B_0008" [shape=box, label="0008..000B\l0008: JP       $0012\l"];
  "B_0010" [shape=box, label="0010..0011\l0010: RET      \l"];
  "B_0012" [shape=box, label="0012..0013\l0012: JP       (HL)\l"];
  "R_0" [shape=ellipse, label="code\n0000"];
  "R_0" -> "B_0000" [label="entry"];
  "D_0001" -> "B_0003" [label="fallthrough"];
  "D_0001" -> "B_0008" [label="branch"];
  "B_0003" -> "B_0006" [label="fallthrough"];
  "B_0003" -> "B_0010" [label="call"];
  "B_0006" -> "X_0006_stop" [label="stop"];
  "X_0006_stop" [label="stop", shape=box, style=dashed];
  "B_0008" -> "B_0012" [label="branch"];
  "B_0010" -> "X_0010_return" [label="return"];
  "X_0010_return" [label="return", shape=box, style=dashed];
  "B_0012" -> "X_0012_indirect" [label="indirect"];
  "X_0012_indirect" [label="indirect", shape=box, style=dashed];
}
