   dasmz80 -- Zilog Z80 Disassembler --
-----------------------------------------------------------------

;   Processing "../testdata/simple_code.bin" (50 bytes)
;   Disassembly start address: 0x000B
;   String terminator: 0x00


___STRING_0001:
    000B:    DB      '>B\C3\10'
    0010:    DB      '\CD '
    0013:    DB      ''
    0014:    DB      ''
    0015:    DB      ''
    0016:    DB      'Hello'
    001C:    DB      ''
    001D:    DB      ''
    001E:    DB      '!\10'
    0021:    DB      '\C9\01\02\03\04\05\06\07\084\12'

___STRING_0002:
    002C:    DB      'xVWorl'
