   dasm02 -- MOS Technology 6502 / WDC 65C02 / WDC 65816 Disassembler --
-----------------------------------------------------------------

;   Processing "test65816wide.bin" (18 bytes)
;   Disassembly start address: 0x8000
;   String terminator: 0x00

___CL_0001:
   lda      #$1234
   adc      #$5678
   cmp      #$9ABC
   ldx      #$2211
   ldy      #$4433
   cpx      #$6655
