   dasmz80 -- Zilog Z80 Disassembler --
-----------------------------------------------------------------

;   Processing "test.bin" (2780 bytes)
;   Disassembly start address: 0x0000
;   String terminator: 0x00

___CL_0001:
   LD       B, B
   LD       B, C
   LD       B, D
   LD       B, E
   LD       B, H
   LD       B, L
   LD       B, A
   LD       C, B
   LD       C, C
   LD       C, D
   LD       C, E
   LD       C, H
   LD       C, L
   LD       C, A
   LD       D, B
   LD       D, C
   LD       D, D
   LD       D, E
   LD       D, H
   LD       D, L
   LD       D, A
   LD       E, B
   LD       E, C
   LD       E, D
   LD       E, E
   LD       E, H
   LD       E, L
   LD       E, A
   LD       H, B
   LD       H, C
   LD       H, D
   LD       H, E
   LD       H, H
   LD       H, L
   LD       H, A
   LD       L, B
   LD       L, C
   LD       L, D
   LD       L, E
   LD       L, H
   LD       L, L
   LD       L, A
   LD       A, B
   LD       A, C
   LD       A, D
   LD       A, E
   LD       A, H
   LD       A, L
   LD       A, A
   LD       B, #$BB
   LD       C, #$CC
   LD       D, #$DD
   LD       E, #$EE
   LD       H, #$10
   LD       L, #$01
   LD       A, #$AA
   LD       B, (HL)
   LD       C, (HL)
   LD       D, (HL)
   LD       E, (HL)
   LD       H, (HL)
   LD       L, (HL)
   LD       A, (HL)
   LD       B, (IX+$0B)
   LD       C, (IX+$0C)
   LD       D, (IX+$0D)
   LD       E, (IX+$0E)
   LD       H, (IX+$10)
   LD       L, (IX+$01)
   LD       A, (IX+$0A)
   LD       B, (IY+$0B)
   LD       C, (IY+$0C)
   LD       D, (IY+$0D)
   LD       E, (IY+$0E)
   LD       H, (IY+$10)
   LD       L, (IY+$01)
   LD       A, (IY+$0A)
   LD       (HL), B
   LD       (HL), C
   LD       (HL), D
   LD       (HL), E
   LD       (HL), H
   LD       (HL), L
   LD       (HL), A
   LD       (IX+$0B), B
   LD       (IX-$0C), C
   LD       (IX+$0D), D
   LD       (IX+$0E), E
   LD       (IX+$10), H
   LD       (IX+$01), L
   LD       (IX+$0A), A
   LD       (IY+$0B), B
   LD       (IY+$0C), C
   LD       (IY+$0D), D
   LD       (IY+$0E), E
   LD       (IY+$10), H
   LD       (IY+$01), L
   LD       (IY+$0A), A
   LD       (HL), #$00
   LD       (HL), #$7F
   LD       (HL), #$80
   LD       (HL), #$FF
   LD       (IX+$00), #$FF
   LD       (IX+$7F), #$80
   LD       (IX-$80), #$7F
   LD       (IX-$01), #$00
   LD       (IY+$00), #$FF
   LD       (IY+$7F), #$80
   LD       (IY-$80), #$7F
   LD       (IY-$01), #$00
   LD       A, (BC)
   LD       A, (DE)
   LD       A, ($1234)
   LD       (BC), A
   LD       (DE), A
   LD       ($1234), A
   LD       A, I
   LD       A, R
   LD       I, A
   LD       R, A
   LD       BC, #$1234
   LD       DE, #$1234
   LD       HL, #$1234
   LD       SP, #$1234
   LD       IX, #$1234
   LD       IY, #$1234
   LD       HL, ($1234)
   LD       BC, ($1234)
   LD       DE, ($1234)
   LD       HL, ($1234)
   LD       SP, ($1234)
   LD       IX, ($1234)
   LD       IY, ($1234)
   LD       ($1234), HL
   LD       ($1234), BC
   LD       ($1234), DE
   LD       ($1234), HL
   LD       ($1234), SP
   LD       ($1234), IX
   LD       ($1234), IY
   LD       SP, HL
   LD       SP, IX
   LD       SP, IY
   PUSH     BC
   PUSH     DE
   PUSH     HL
   PUSH     AF
   PUSH     IX
   PUSH     IY
   POP      BC
   POP      DE
   POP      HL
   POP      AF
   POP      IX
   POP      IY
   EX       DE, HL
   EX       AF, AF'
   EXX
   EX       (SP), HL
   EX       (SP), IX
   EX       (SP), IY
   LDI
   LDIR
   LDD
   LDDR
   CPI
   CPIR
   CPD
   CPDR
   ADD      A, B
   ADD      A, C
   ADD      A, D
   ADD      A, E
   ADD      A, H
   ADD      A, L
   ADD      A, A
   ADD      A, #$00
   ADD      A, #$AA
   ADD      A, #$FF
   ADD      A, (HL)
   ADD      A, (IX+$00)
   ADD      A, (IX+$7F)
   ADD      A, (IX-$80)
   ADD      A, (IX-$01)
   ADD      A, (IY+$00)
   ADD      A, (IY+$7F)
   ADD      A, (IY-$80)
   ADD      A, (IY-$01)
   ADC      A, B
   ADC      A, C
   ADC      A, D
   ADC      A, E
   ADC      A, H
   ADC      A, L
   ADC      A, A
   ADC      A, #$00
   ADC      A, #$AA
   ADC      A, #$FF
   ADC      A, (HL)
   ADC      A, (IX+$00)
   ADC      A, (IX+$7F)
   ADC      A, (IX-$80)
   ADC      A, (IX-$01)
   ADC      A, (IY+$00)
   ADC      A, (IY+$7F)
   ADC      A, (IY-$80)
   ADC      A, (IY-$01)
   SUB      A, B
   SUB      A, C
   SUB      A, D
   SUB      A, E
   SUB      A, H
   SUB      A, L
   SUB      A, A
   SUB      A, #$00
   SUB      A, #$AA
   SUB      A, #$FF
   SUB      A, (HL)
   SUB      A, (IX+$00)
   SUB      A, (IX+$7F)
   SUB      A, (IX-$80)
   SUB      A, (IX-$01)
   SUB      A, (IY+$00)
   SUB      A, (IY+$7F)
   SUB      A, (IY-$80)
   SUB      A, (IY-$01)
   SBC      A, B
   SBC      A, C
   SBC      A, D
   SBC      A, E
   SBC      A, H
   SBC      A, L
   SBC      A, A
   SBC      A, #$00
   SBC      A, #$AA
   SBC      A, #$FF
   SBC      A, (HL)
   SBC      A, (IX+$00)
   SBC      A, (IX+$7F)
   SBC      A, (IX-$80)
   SBC      A, (IX-$01)
   SBC      A, (IY+$00)
   SBC      A, (IY+$7F)
   SBC      A, (IY-$80)
   SBC      A, (IY-$01)
   AND      A, B
   AND      A, C
   AND      A, D
   AND      A, E
   AND      A, H
   AND      A, L
   AND      A, A
   AND      A, #$00
   AND      A, #$AA
   AND      A, #$FF
   AND      A, (HL)
   AND      A, (IX+$00)
   AND      A, (IX+$7F)
   AND      A, (IX-$80)
   AND      A, (IX-$01)
   AND      A, (IY+$00)
   AND      A, (IY+$7F)
   AND      A, (IY-$80)
   AND      A, (IY-$01)
   OR       A, B
   OR       A, C
   OR       A, D
   OR       A, E
   OR       A, H
   OR       A, L
   OR       A, A
   OR       A, #$00
   OR       A, #$AA
   OR       A, #$FF
   OR       A, (HL)
   OR       A, (IX+$00)
   OR       A, (IX+$7F)
   OR       A, (IX-$80)
   OR       A, (IX-$01)
   OR       A, (IY+$00)
   OR       A, (IY+$7F)
   OR       A, (IY-$80)
   OR       A, (IY-$01)
   XOR      A, B
   XOR      A, C
   XOR      A, D
   XOR      A, E
   XOR      A, H
   XOR      A, L
   XOR      A, A
   XOR      #$00
   XOR      #$AA
   XOR      #$FF
   XOR      A, (HL)
   XOR      A, (IX+$00)
   XOR      A, (IX+$7F)
   XOR      A, (IX-$80)
   XOR      A, (IX-$01)
   XOR      A, (IY+$00)
   XOR      A, (IY+$7F)
   XOR      A, (IY-$80)
   XOR      A, (IY-$01)
   CP       A, B
   CP       A, C
   CP       A, D
   CP       A, E
   CP       A, H
   CP       A, L
   CP       A, A
   CP       #$00
   CP       #$AA
   CP       #$FF
   CP       A, (HL)
   CP       A, (IX+$00)
   CP       A, (IX+$7F)
   CP       A, (IX-$80)
   CP       A, (IX-$01)
   CP       A, (IY+$00)
   CP       A, (IY+$7F)
   CP       A, (IY-$80)
   CP       A, (IY-$01)
   INC      B
   INC      C
   INC      D
   INC      E
   INC      H
   INC      L
   INC      A
   INC      (HL)
   INC      (IX+$00)
   INC      (IX+$7F)
   INC      (IX-$80)
   INC      (IX-$01)
   INC      (IY+$00)
   INC      (IY+$7F)
   INC      (IY-$80)
   INC      (IY-$01)
   DEC      B
   DEC      C
   DEC      D
   DEC      E
   DEC      H
   DEC      L
   DEC      A
   DEC      (HL)
   DEC      (IX+$00)
   DEC      (IX+$7F)
   DEC      (IX-$80)
   DEC      (IX-$01)
   DEC      (IY+$00)
   DEC      (IY+$7F)
   DEC      (IY-$80)
   DEC      (IY-$01)
   DAA
   CPL
   NEG
   CCF
   SCF
   NOP
   HALT
   DI
   EI
   IM       0
   IM       1
   IM       2
   ADD      HL, BC
   ADD      HL, DE
   ADD      HL, HL
   ADD      HL, SP
   ADC      HL, BC
   ADC      HL, DE
   ADC      HL, HL
   ADC      HL, SP
   SBC      HL, BC
   SBC      HL, DE
   SBC      HL, HL
   SBC      HL, SP
   ADD      IX, BC
   ADD      IX, DE
   ADD      IX, IX
   ADD      IX, SP
   ADD      IY, BC
   ADD      IY, DE
   ADD      IY, IY
   ADD      IY, SP
   INC      BC
   INC      DE
   INC      HL
   INC      SP
   INC      IX
   INC      IY
   DEC      BC
   DEC      DE
   DEC      HL
   DEC      SP
   DEC      IX
   DEC      IY
   RLCA
   RLA
   RRCA
   RRA
   RLC      B
   RLC      C
   RLC      D
   RLC      E
   RLC      H
   RLC      L
   RLC      A
   RLC      (HL)
   RLC      (IX+$00)
   RLC      (IX+$7F)
   RLC      (IX-$80)
   RLC      (IX-$01)
   RLC      (IY+$00)
   RLC      (IY+$7F)
   RLC      (IY-$80)
   RLC      (IY-$01)
   RL       B
   RL       C
   RL       D
   RL       E
   RL       H
   RL       L
   RL       A
   RL       (HL)
   RL       (IX+$00)
   RL       (IX+$7F)
   RL       (IX-$80)
   RL       (IX-$01)
   RL       (IY+$00)
   RL       (IY+$7F)
   RL       (IY-$80)
   RL       (IY-$01)
   RRC      B
   RRC      C
   RRC      D
   RRC      E
   RRC      H
   RRC      L
   RRC      A
   RRC      (HL)
   RRC      (IX+$00)
   RRC      (IX+$7F)
   RRC      (IX-$80)
   RRC      (IX-$01)
   RRC      (IY+$00)
   RRC      (IY+$7F)
   RRC      (IY-$80)
   RRC      (IY-$01)
   RR       B
   RR       C
   RR       D
   RR       E
   RR       H
   RR       L
   RR       A
   RR       (HL)
   RR       (IX+$00)
   RR       (IX+$7F)
   RR       (IX-$80)
   RR       (IX-$01)
   RR       (IY+$00)
   RR       (IY+$7F)
   RR       (IY-$80)
   RR       (IY-$01)
   SLA      B
   SLA      C
   SLA      D
   SLA      E
   SLA      H
   SLA      L
   SLA      A
   SLA      (HL)
   SLA      (IX+$00)
   SLA      (IX+$7F)
   SLA      (IX-$80)
   SLA      (IX-$01)
   SLA      (IY+$00)
   SLA      (IY+$7F)
   SLA      (IY-$80)
   SLA      (IY-$01)
   SRA      B
   SRA      C
   SRA      D
   SRA      E
   SRA      H
   SRA      L
   SRA      A
   SRA      (HL)
   SRA      (IX+$00)
   SRA      (IX+$7F)
   SRA      (IX-$80)
   SRA      (IX-$01)
   SRA      (IY+$00)
   SRA      (IY+$7F)
   SRA      (IY-$80)
   SRA      (IY-$01)
   SRL      B
   SRL      C
   SRL      D
   SRL      E
   SRL      H
   SRL      L
   SRL      A
   SRL      (HL)
   SRL      (IX+$00)
   SRL      (IX+$7F)
   SRL      (IX-$80)
   SRL      (IX-$01)
   SRL      (IY+$00)
   SRL      (IY+$7F)
   SRL      (IY-$80)
   SRL      (IY-$01)
   RLD
   RRD
   BIT      0, B
   BIT      0, C
   BIT      0, D
   BIT      0, E
   BIT      0, H
   BIT      0, L
   BIT      0, A
   BIT      0, B
   BIT      1, B
   BIT      2, B
   BIT      3, B
   BIT      4, B
   BIT      5, B
   BIT      6, B
   BIT      7, B
   BIT      0, (HL)
   BIT      1, (HL)
   BIT      2, (HL)
   BIT      3, (HL)
   BIT      4, (HL)
   BIT      5, (HL)
   BIT      6, (HL)
   BIT      7, (HL)
   BIT      0, (IX+$00)
   BIT      1, (IX+$7F)
   BIT      2, (IX-$80)
   BIT      3, (IX-$01)
   BIT      4, (IY+$00)
   BIT      5, (IY+$7F)
   BIT      6, (IY-$80)
   BIT      7, (IY-$01)
   SET      0, B
   SET      0, C
   SET      0, D
   SET      0, E
   SET      0, H
   SET      0, L
   SET      0, A
   SET      0, B
   SET      1, B
   SET      2, B
   SET      3, B
   SET      4, B
   SET      5, B
   SET      6, B
   SET      7, B
   SET      0, (HL)
   SET      1, (HL)
   SET      2, (HL)
   SET      3, (HL)
   SET      4, (HL)
   SET      5, (HL)
   SET      6, (HL)
   SET      7, (HL)
   SET      0, (IX+$00)
   SET      1, (IX+$7F)
   SET      2, (IX-$80)
   SET      3, (IX-$01)
   SET      4, (IY+$00)
   SET      5, (IY+$7F)
   SET      6, (IY-$80)
   SET      7, (IY-$01)
   RES      0, B
   RES      0, C
   RES      0, D
   RES      0, E
   RES      0, H
   RES      0, L
   RES      0, A
   RES      0, B
   RES      1, B
   RES      2, B
   RES      3, B
   RES      4, B
   RES      5, B
   RES      6, B
   RES      7, B
   RES      0, (HL)
   RES      1, (HL)
   RES      2, (HL)
   RES      3, (HL)
   RES      4, (HL)
   RES      5, (HL)
   RES      6, (HL)
   RES      7, (HL)
   RES      0, (IX+$00)
   RES      1, (IX+$7F)
   RES      2, (IX-$80)
   RES      3, (IX-$01)
   RES      4, (IY+$00)
   RES      5, (IY+$7F)
   RES      6, (IY-$80)
   RES      7, (IY-$01)
   JP       JumpDest1
   JP       NZ, JumpDest2
   JP       Z, JumpDest2
   JP       NC, JumpDest2
   JP       C, JumpDest2
   JP       PO, JumpDest2
   JP       PE, JumpDest2
   JP       P, JumpDest2
   JP       M, JumpDest2
   JR       $0563
   JR       C, $0565
   JR       NC, $0567
   JR       Z, $0569
   JR       NZ, $056B
   JP       (HL)
   JP       (IX)
   JP       (IY)
   DJNZ     $0572
   CALL     JumpDest1
   CALL     NZ, JumpDest2
   CALL     Z, JumpDest2
   CALL     NC, JumpDest2
   CALL     C, JumpDest2
   CALL     PO, JumpDest2
   CALL     PE, JumpDest2
   CALL     P, JumpDest2
   CALL     M, JumpDest2
   RET
   RET      NZ
   RET      Z
   RET      NC
   RET      C
   RET      PO
   RET      PE
   RET      P
   RET      M
   RETI
   RETN
   RST      $00
   RST      $08
   RST      $10
   RST      $18
   RST      $20
   RST      $28
   RST      $30
   RST      $38
   IN       A, (___CL_0001)
   IN       A, ($7F)
   IN       A, ($80)
   IN       A, ($FF)
   IN       B, (C)
   IN       C, (C)
   IN       D, (C)
   IN       E, (C)
   IN       H, (C)
   IN       L, (C)
   IN       A, (C)
   INI
   INIR
   IND
   INDR
   OUT      (___CL_0001), A
   OUT      ($7F), A
   OUT      ($80), A
   OUT      ($FF), A
   OUT      (C), B
   OUT      (C), C
   OUT      (C), D
   OUT      (C), E
   OUT      (C), H
   OUT      (C), L
   OUT      (C), A
   OUTI
   OTIR
   OUTD
   OTDR
UndocInsn:
   ???
   ???
   ???
   ???
   ???
   ???
   ???
   ???
   ???
   ???
   ???
   ???
   ???
   ???
   ???
   ???
   ???
   ???
   ???
   ???
   ???
   ???
   ???
   ???
   ???
   ???
   ???
   ???
   ???
   ???
   ???
   ???
   ???
   ???
   ???
   ???
   ???
   ???
   ???
   ???
   ???
   ???
   ???
   ???
   ???
   ???
   ???
   ???
   ???
   ???
   ???
   ???
   ???
   ???
   ???
   ???
   ???
   ???
   ???
   ???
   ???
   ???
   ???
   ???
   ???
   ???
   ???
   ???
   ???
   ???
   ???
   ???
   ???
   ???
   ???
   ???
   ???
   ???
   ???
   ???
   ???
   ???
   ???
   ???
   ???
   ???
   ???
   ???
   ???
   ???
   ???
   ???
   ???
   ???
   ???
   ???
   ???
   ???
   ???
   ???
   ???
   ???
   ???
   ???
   ???
   ???
   ???
   ???
   ???
   ???
   ???
   ???
   ???
   ???
   ???
   ???
   ???
   ???
   ???
   ???
   ???
   ???
   ???
   ???
   ???
   ???
   ???
   ???
   ???
   ???
   ???
   ???
   ???
   ???
   ???
   ???
   ???
   ???
   ???
   ???
   ???
   ???
   ???
   ???
   ???
   ???
   ???
   ???
   ???
   ???
   ???
   ???
   ???
   ???
   ???
   ???
   ???
   ???
   ???
   ???
   ???
   ???
   ???
   ???
   ???
   ???
   ???
   ???
   ???
   ???
   ???
   ???
   ???
   ???
   ???
   ???
   ???
   ???
   ???
   ???
   ???
   ???
   ???
   ???
   ???
   ???
   ???
   ???
   ???
   ???
   ???
   ???
   ???
   ???
   ???
   ???
   ???
   ???
   ???
   ???
   ???
   ???
   ???
   ???
   ???
   ???
   ???
   ???
   ???
   ???
   ???
   ???
   ???
   ???
   ???
   ???
   ???
   ???
   ???
   ???
   ???
   ???
   ???
   ???
   ???
   ???
   ???
   ???
   ???
   ???
   ???
   ???
   ???
   ???
   ???
   ???
   ???
   ???
   ???
   ???
   ???
   ???
   ???
   ???
   ???
   ???
   ???
   ???
   ???
   ???
   ???
   ???
   ???
   ???
   ???
   ???
   ???
   ???
   ???
   ???
   ???
   ???
   ???
   ???
   ???
   ???
   ???
   ???
   ???
   ???
   ???
   ???
   ???
   ???
   ???
   ???
   ???
   ???
   ???
   ???
   ???
   ???
   ???
   ???
   ???
   ???
   ???
   ???
   ???
   ???
   ???
   ???
   ???
   ???
   ???
   ???
   ???
   ???
   ???
   ???
   ???
   ???
   ???
   ???
   ???
   ???
   ???
   ???
   ???
   ???
   ???
   ???
   ???
   ???
   ???
   ???
   ???
   ???
   ???
   ???
   ???
   ???
   ???
   ???
   ???
   ???
   ???
   ???
   ???
   ???
   ???
   ???
   ???
   ???
   ???
   ???
   ???
   ???
   ???
   ???
   ???
   ???
   ???
   ???
   ???
   ???
   ???
   ???
   ???
   ???
   ???
   ???
   ???
   ???
   ???
   ???
   ???
   ???
   ???
   ???
   ???
   ???
   ???
   ???
   ???
   ???
   ???
   ???
   ???
   ???
   ???
   ???
   ???
   ???
   ???
   ???
   ???
   ???
   ???
   ???
   ???
   ???
   ???
   ???
   ???
   ???
   ???
   ???
   ???
   ???
   ???
   ???
   ???
   ???
   ???
   ???
   ???
   ???
   ???
   ???
   ???
   ???
   ???
   ???
   ???
   ???
   ???
   ???
   ???
   ???
   ???
   ???
   ???
   ???
   ???
   ???
   ???
   ???
   ???
   ???
   ???
   ???
   ???
   ???
   ???
   ???
   ???
   ???
   ???
   ???
   ???
   ???
   ???
   ???
   ???
   ???
   ???
   ???
   ???
   ???
   ???
   ???
   ???
   ???
   ???
   ???
   ???
   ???
   ???
   ???
   ???
   ???
   ???
   ???
   ???
   ???
   ???
   ???
   ???
   ???
   ???
   ???
   ???
   ???
   ???
   ???
   ???
   ???
   ???
   ???
   ???
   ???
   ???
   ???
   ???
   ???
   ???
   ???
   ???
   ???
   ???
   ???
   ???
   ???
   ???
   ???
   ???
   ???
   ???
   ???
   ???
   ???
   ???
   ???
   ???
   ???
   ???
   ???
   ???
   ???
   ???
   ???
   ???
   ???
   ???
   ???
   ???
   ???
   ???
   ???
   ???
   ???
   ???
   ???
   ???
   ???
   ???
   ???
   ???
   ???
   ???
   ???
   ???
   ???
   ???
   ???
   ???
   ???
   ???
   ???
   ???
   ???
   ???
   ???
   ???
   ???
   ???
   ???
   ???
   ???
   ???
   ???
   ???
   ???
   ???
   ???
   ???
   ???
   ???
   ???
   ???
   ???
   ???
   ???
   ???
   ???
   ???
   ???
   ???
   ???
   ???
   ???
   ???
   ???
   ???
   ???
   ???
   ???
   ???
   ???
   ???
   ???
   ???
   ???
   ???
   ???
   ???
   ???
   ???
   ???
   ???
   ???
   ???
   ???
   ???
   ???
   ???
   ???
   ???
   ???
   ???
   ???
   ???
   ???
   ???
   ???
   ???
   ???
   ???
   ???
   ???
   ???
   ???
   ???
   ???
   ???
   ???
   ???
   ???
   ???
   ???
   ???
   ???
   ???
   ???
   ???
   ???
   ???
   ???
   ???
   ???
   ???
   ???
   ???
   ???
   ???
   ???
   ???
   ???
   ???
   ???
   ???
   ???
   ???
   ???
   ???
   ???
   ???
