   dasm430 -- TI MSP430 Disassembler --
-----------------------------------------------------------------

;   Processing "testx.bin" (130 bytes)
;   Disassembly start address: 0x0000
;   String terminator: 0x00

Start:
   PUSHM.A #3,R10
   PUSHM.W #2,R9
   POPM.A  #4,R12
   POPM.W  #1,R15
   RRCM.A  #1,R5
   RRAM.W  #2,R6
   RLAM.A  #3,R7
   RRUM.W  #4,R8
   ADDA    #0x12345,R6
   CMPA    R5,R6
   SUBA    #0xABCDE,R7
   MOVA    @R5,R6
   MOVA    @R5+,R6
   MOVA    &Abs23456,R7
   MOVA    0x0010(R8),R9
   MOVA    R10,&Abs3ABCD
   MOVA    R11,0x0020(R12)
   MOVA    #0x45678,R13
   MOVA    R14,R15
   CALLA   R4
   CALLA   0x0010(R5)
   CALLA   @R6
   CALLA   @R7+
   CALLA   &CallAbs
   CALLA   #CallImm
   RETA    
   MOVX.A  #0x12345,R5
   MOVX.W  #0x01234,R5
   MOVX.B  #0x00034,R5
   MOVX.A  &Abs23456,R7
   MOVX.A  R5,&Abs34567
   MOVX.A  0x10010(R8),0x20020(R9)
   RRCX.A  R5
   RRUX.A  R5
   PUSHX.A #0x12345
   CALLX.A #Ext12345
